../Core/Src/main.c:111:6:process_key	24	static
../Core/Src/main.c:147:8:is_hold_action_needed	24	static
../Core/Src/main.c:162:6:set_push_pull_duty	24	static
../Core/Src/main.c:172:6:set_led_brightness	24	static
../Core/Src/main.c:181:6:update_display	40	static
../Core/Src/main.c:203:5:main	16	static
../Core/Src/main.c:421:6:SystemClock_Config	72	static
../Core/Src/main.c:461:13:MX_I2C1_Init	8	static
../Core/Src/main.c:495:13:MX_TIM2_Init	64	static
../Core/Src/main.c:564:13:MX_GPIO_Init	40	static
../Core/Src/main.c:595:6:Error_Handler	4	static,ignoring_inline_asm
